promoterId	geneId	seqnames	start	strand	internalPromoter	promoterPosition	txId	A549.mean	HepG2.mean	A549.class	HepG2.class	SGNEx_A549_Illumina_replicate1.run1.subset.SJ.out	SGNEx_A549_Illumina_replicate3.run1.subset.SJ.out	SGNEx_A549_Illumina_replicate5.run1.subset.SJ.out	SGNEx_HepG2_Illumina_replicate2.run1.subset.SJ.out	SGNEx_HepG2_Illumina_replicate4.run1.subset.SJ.out	SGNEx_HepG2_Illumina_replicate5.run1.subset.SJ.out
1	ENSG00000130939.20	chr1	10032832	+	FALSE	1	ENST00000253251.12;ENST00000672724.1;ENST00000343090.11;ENST00000377153.5;ENST00000462658.1	6.19606309409407	6.05504288652022	Major	Major	56	70	72	39	105	91
3	ENSG00000162444.12	chr1	10004093	+	FALSE	1	ENST00000315901.4;ENST00000294435.8	0	0	Inactive	Inactive	0	0	0	0	0	0
4	ENSG00000162444.12	chr1	10007570	+	TRUE	2	ENST00000315901.4;ENST00000294435.8	2.32552716023848	2.43813271323805	NA	NA	5	1	9	9	6	2
